-- The C compiler identification is GNU 6.3.0
-- Detecting C compiler ABI info
-- Detecting C compiler ABI info - done
-- Check for working C compiler: /usr/bin/cc - skipped
-- Detecting C compile features
-- Detecting C compile features - done
-- Configuring for NNG version 1.8.0
-- Performing Test NNG_HIDDEN_VISIBILITY
-- Performing Test NNG_HIDDEN_VISIBILITY - Success
-- Looking for strlcpy
-- Looking for strlcpy - not found
-- Looking for strnlen
-- Looking for strnlen - found
-- Looking for strcasecmp
-- Looking for strcasecmp - found
-- Looking for strncasecmp
-- Looking for strncasecmp - found
-- Looking for localtime_r
-- Looking for localtime_r - found
-- Performing Test CMAKE_HAVE_LIBC_PTHREAD
-- Performing Test CMAKE_HAVE_LIBC_PTHREAD - Failed
-- Looking for pthread_create in pthreads
-- Looking for pthread_create in pthreads - not found
-- Looking for pthread_create in pthread
-- Looking for pthread_create in pthread - found
-- Found Threads: TRUE  
-- Looking for lockf
-- Looking for lockf - found
-- Looking for flock
-- Looking for flock - found
-- Looking for getrandom
-- Looking for getrandom - not found
-- Looking for arc4random_buf
-- Looking for arc4random_buf - not found
-- Looking for clock_gettime in rt
-- Looking for clock_gettime in rt - found
-- Looking for sem_wait in pthread
-- Looking for sem_wait in pthread - found
-- Looking for pthread_atfork in pthread
-- Looking for pthread_atfork in pthread - found
-- Looking for pthread_set_name_np in pthread
-- Looking for pthread_set_name_np in pthread - not found
-- Looking for pthread_setname_np in pthread
-- Looking for pthread_setname_np in pthread - found
-- Looking for gethostbyname in nsl
-- Looking for gethostbyname in nsl - found
-- Looking for socket in socket
-- Looking for socket in socket - not found
-- Looking for __atomic_load_1 in atomic
-- Looking for __atomic_load_1 in atomic - found
-- Looking for AF_UNIX
-- Looking for AF_UNIX - found
-- Looking for backtrace_symbols_fd
-- Looking for backtrace_symbols_fd - found
-- Performing Test NNG_HAVE_MSG_CONTROL
-- Performing Test NNG_HAVE_MSG_CONTROL - Success
-- Looking for eventfd
-- Looking for eventfd - found
-- Looking for kqueue
-- Looking for kqueue - not found
-- Looking for port_create
-- Looking for port_create - not found
-- Looking for epoll_create
-- Looking for epoll_create - found
-- Looking for epoll_create1
-- Looking for epoll_create1 - found
-- Looking for getpeereid
-- Looking for getpeereid - not found
-- Looking for SO_PEERCRED
-- Looking for SO_PEERCRED - found
-- Performing Test NNG_HAVE_SOCKPEERCRED
-- Performing Test NNG_HAVE_SOCKPEERCRED - Failed
-- Looking for LOCAL_PEERCRED
-- Looking for LOCAL_PEERCRED - not found
-- Looking for LOCAL_PEERPID
-- Looking for LOCAL_PEERPID - not found
-- Looking for getpeerucred
-- Looking for getpeerucred - not found
-- Looking for atomic_flag_test_and_set
-- Looking for atomic_flag_test_and_set - found
-- Looking for socketpair
-- Looking for socketpair - found
-- Looking for AF_INET6
-- Looking for AF_INET6 - found
-- Looking for timespec_get
-- Looking for timespec_get - not found
-- Configuring done (2.0s)
-- Generating done (0.1s)
-- Build files have been written to: /build/nng/build
